../Core/Src/main.c:111:6:modbus_send_temperature_history	376	static
../Core/Src/main.c:134:6:write_EEPROM	40	static
../Core/Src/main.c:163:5:main	8	static
../Core/Src/main.c:246:6:SystemClock_Config	88	static
../Core/Src/main.c:303:13:MX_ADC1_Init	24	static
../Core/Src/main.c:355:13:MX_I2C1_Init	8	static
../Core/Src/main.c:389:13:MX_RTC_Init	72	static
../Core/Src/main.c:472:13:MX_SPI1_Init	8	static
../Core/Src/main.c:510:13:MX_UART4_Init	8	static
../Core/Src/main.c:543:13:MX_USART1_UART_Init	8	static
../Core/Src/main.c:576:13:MX_GPIO_Init	40	static
../Core/Src/main.c:602:6:HAL_RTC_AlarmAEventCallback	48	static
../Core/Src/main.c:651:6:StartDefaultTask	16	static
../Core/Src/main.c:674:6:HAL_TIM_PeriodElapsedCallback	16	static
../Core/Src/main.c:691:6:Error_Handler	4	static,ignoring_inline_asm
