main.c:111:6:modbus_send_temperature_history	3
main.c:134:6:write_EEPROM	1
main.c:163:5:main	1
main.c:246:6:SystemClock_Config	4
main.c:303:13:MX_ADC1_Init	3
main.c:355:13:MX_I2C1_Init	2
main.c:389:13:MX_RTC_Init	5
main.c:472:13:MX_SPI1_Init	2
main.c:510:13:MX_UART4_Init	2
main.c:543:13:MX_USART1_UART_Init	2
main.c:576:13:MX_GPIO_Init	1
main.c:602:6:HAL_RTC_AlarmAEventCallback	4
main.c:651:6:StartDefaultTask	1
main.c:674:6:HAL_TIM_PeriodElapsedCallback	2
main.c:691:6:Error_Handler	1
